[2026-09-13 17:18:13] TO: zyk.granada@ecocycle.local | SUBJECT: 🏦 Withdrawal of 500 points processed
Hi Zyk Granada,

Your withdrawal request has been processed.

Amount: 500 points
Payout Method: ewallet
Transaction ID: WIT-0215E4FA7222
Status: completed

Your remaining wallet balance: 500 points

— EcoCycle Team 🌱

---
[2026-09-13 17:24:53] TO: zyk.granada@ecocycle.local | SUBJECT: 🏦 Withdrawal of 1,000 points processed
Hi Zyk Granada,

Your withdrawal request has been processed.

Amount: 1000 points
Payout Method: ewallet
Transaction ID: WIT-D8B61C00E4E1
Status: completed

Your remaining wallet balance: 1900 points

— EcoCycle Team 🌱

---
[2026-09-13 17:29:10] TO: zyk.granada@ecocycle.local | SUBJECT: 🏦 Withdrawal of 1,000 points processed
Hi Zyk Granada,

Your withdrawal request has been processed.

Amount: 1000 points
Payout Method: voucher
Transaction ID: WIT-BD25B1E4A932
Status: completed

Your remaining wallet balance: 900 points

— EcoCycle Team 🌱

---
[2026-09-13 17:31:21] TO: kyz666@gmail.com | SUBJECT: 🔐 Your EcoWallet PIN has been set
Hi kyz caeluim,

Your EcoWallet is now secured with a PIN.

You'll need to enter your PIN when:
• Withdrawing points to cash/vouchers
• Redeeming rewards

If you didn't set this PIN, please contact us immediately.

— EcoCycle Team 🌱

---
[2026-09-13 17:31:31] TO: kyz666@gmail.com | SUBJECT: 🏦 Withdrawal of 3,000 points processed
Hi kyz caeluim,

Your withdrawal request has been processed.

Amount: 3000 points
Payout Method: bank_transfer
Transaction ID: WIT-4F8BDEDC9F53
Status: completed

Your remaining wallet balance: 3000 points

— EcoCycle Team 🌱

---
[2026-09-13 17:34:18] TO: zyk.granada@ecocycle.local | SUBJECT: 🏦 Withdrawal of 5,000 points processed
Hi Zyk Granada,

Your withdrawal request has been processed.

Amount: 5000 points
Payout Method: bank_transfer
Transaction ID: WIT-8C08798F50B1
Status: completed

Your remaining wallet balance: 10900 points

— EcoCycle Team 🌱

---
[2026-09-14 16:21:52] TO: zyk.granada@ecocycle.local | SUBJECT: 🏦 Withdrawal of 500 points processed
Hi Zyk Granada,

Your withdrawal request has been processed.

Amount: 500 points
Payout Method: ewallet
Transaction ID: WIT-EA8A64F5AA17
Status: completed

Your remaining wallet balance: 10400 points

— EcoCycle Team 🌱

---
[2026-09-16 09:04:55] TO: zyk.granada@ecocycle.local | SUBJECT: 🔐 Your EcoWallet PIN has been set
Hi Zyk Granada,

Your EcoWallet is now secured with a PIN.

You'll need to enter your PIN when:
• Withdrawing points to cash/vouchers
• Redeeming rewards

If you didn't set this PIN, please contact us immediately.

— EcoCycle Team 🌱

---
[2026-09-16 09:05:22] TO: zyk.granada@ecocycle.local | SUBJECT: 🔐 Your EcoWallet PIN has been set
Hi Zyk Granada,

Your EcoWallet is now secured with a PIN.

You'll need to enter your PIN when:
• Withdrawing points to cash/vouchers
• Redeeming rewards

If you didn't set this PIN, please contact us immediately.

— EcoCycle Team 🌱

---
